<html>
<body>
<pre>
<h1>µVision Build Log</h1>
<h2>Project:</h2>
C:\Nuvoton\BSP Library\NUC100SeriesBSP_CMSIS_v1.05.003\NuvotonPlatform_Keil\Sample\NUC1xx-LB_002\Smpl_Start_Kit2\Smpl_Start_Kit.uvproj
Project File Date:  12/09/2025

<h2>Output:</h2>
Rebuild target 'Smpl_Start_Kit'
creating preprocessor file for core_cm0.c...
compiling core_cm0.c...
creating preprocessor file for system_NUC1xx.c...
compiling system_NUC1xx.c...
assembling startup_NUC1xx.s...
creating preprocessor file for LCD_Driver.c...
compiling LCD_Driver.c...
creating preprocessor file for Ascii_Table.C...
compiling Ascii_Table.C...
creating preprocessor file for Seven_Segment.c...
compiling Seven_Segment.c...
creating preprocessor file for Smpl_Start_Kit.c...
compiling Smpl_Start_Kit.c...
Smpl_Start_Kit.c(68): error:  #28: expression must have a constant value
Smpl_Start_Kit.c(69): error:  #28: expression must have a constant value
Smpl_Start_Kit.c(70): error:  #28: expression must have a constant value
Smpl_Start_Kit.c(71): error:  #28: expression must have a constant value
creating preprocessor file for DrvSPI.c...
compiling DrvSPI.c...
creating preprocessor file for DrvSYS.c...
compiling DrvSYS.c...
creating preprocessor file for DrvUART.c...
compiling DrvUART.c...
creating preprocessor file for DrvGPIO.c...
compiling DrvGPIO.c...
creating preprocessor file for retarget.c...
compiling retarget.c...
Target not created
Rebuild target 'Smpl_Start_Kit'
creating preprocessor file for core_cm0.c...
compiling core_cm0.c...
creating preprocessor file for system_NUC1xx.c...
compiling system_NUC1xx.c...
assembling startup_NUC1xx.s...
creating preprocessor file for LCD_Driver.c...
compiling LCD_Driver.c...
creating preprocessor file for Ascii_Table.C...
compiling Ascii_Table.C...
creating preprocessor file for Seven_Segment.c...
compiling Seven_Segment.c...
creating preprocessor file for test.c...
compiling test.c...
test.c(68): error:  #28: expression must have a constant value
test.c(69): error:  #28: expression must have a constant value
test.c(70): error:  #28: expression must have a constant value
test.c(71): error:  #28: expression must have a constant value
creating preprocessor file for DrvSPI.c...
compiling DrvSPI.c...
creating preprocessor file for DrvSYS.c...
compiling DrvSYS.c...
creating preprocessor file for DrvUART.c...
compiling DrvUART.c...
creating preprocessor file for DrvGPIO.c...
compiling DrvGPIO.c...
creating preprocessor file for retarget.c...
compiling retarget.c...
Target not created
Rebuild target 'Smpl_Start_Kit'
creating preprocessor file for core_cm0.c...
compiling core_cm0.c...
creating preprocessor file for system_NUC1xx.c...
compiling system_NUC1xx.c...
assembling startup_NUC1xx.s...
creating preprocessor file for LCD_Driver.c...
compiling LCD_Driver.c...
creating preprocessor file for Ascii_Table.C...
compiling Ascii_Table.C...
creating preprocessor file for Seven_Segment.c...
compiling Seven_Segment.c...
creating preprocessor file for test.c...
compiling test.c...
creating preprocessor file for DrvSPI.c...
compiling DrvSPI.c...
creating preprocessor file for DrvSYS.c...
compiling DrvSYS.c...
creating preprocessor file for DrvUART.c...
compiling DrvUART.c...
creating preprocessor file for DrvGPIO.c...
compiling DrvGPIO.c...
creating preprocessor file for retarget.c...
compiling retarget.c...
linking...
Program Size: Code=4100 RO-data=224 RW-data=1624 ZI-data=1200  
User command #1: fromelf --bin ".\obj\Smpl_Start_Kit.axf" --output ".\obj\Smpl_Start_Kit.bin"
User command #2: fromelf --text -c ".\obj\Smpl_Start_Kit.axf" --output ".\obj\Smpl_Start_Kit.txt"
".\obj\Smpl_Start_Kit.axf" - 0 Error(s), 0 Warning(s).
Load "C:\\Nuvoton\\BSP Library\\NUC100SeriesBSP_CMSIS_v1.05.003\\NuvotonPlatform_Keil\\Sample\\NUC1xx-LB_002\\Smpl_Start_Kit2\\obj\\Smpl_Start_Kit.AXF" 
Rebuild target 'Smpl_Start_Kit'
creating preprocessor file for core_cm0.c...
compiling core_cm0.c...
creating preprocessor file for system_NUC1xx.c...
compiling system_NUC1xx.c...
assembling startup_NUC1xx.s...
creating preprocessor file for LCD_Driver.c...
compiling LCD_Driver.c...
creating preprocessor file for Ascii_Table.C...
compiling Ascii_Table.C...
creating preprocessor file for Seven_Segment.c...
compiling Seven_Segment.c...
creating preprocessor file for test.c...
compiling test.c...
test.c(46): error:  #20: identifier "GPIO_PORT" is undefined
test.c(89): warning:  #188-D: enumerated type mixed with another type
test.c(149): error:  #268: declaration may not appear after executable statement in block
test.c(98): warning:  #177-D: variable "port" was declared but never referenced
test.c(98): warning:  #177-D: variable "pin" was declared but never referenced
test.c(99): warning:  #177-D: variable "msg" was declared but never referenced
creating preprocessor file for DrvSPI.c...
compiling DrvSPI.c...
creating preprocessor file for DrvSYS.c...
compiling DrvSYS.c...
creating preprocessor file for DrvUART.c...
compiling DrvUART.c...
creating preprocessor file for DrvGPIO.c...
compiling DrvGPIO.c...
creating preprocessor file for retarget.c...
compiling retarget.c...
Target not created
Rebuild target 'Smpl_Start_Kit'
creating preprocessor file for core_cm0.c...
compiling core_cm0.c...
creating preprocessor file for system_NUC1xx.c...
compiling system_NUC1xx.c...
assembling startup_NUC1xx.s...
creating preprocessor file for LCD_Driver.c...
compiling LCD_Driver.c...
creating preprocessor file for Ascii_Table.C...
compiling Ascii_Table.C...
creating preprocessor file for Seven_Segment.c...
compiling Seven_Segment.c...
creating preprocessor file for test.c...
compiling test.c...
test.c(48): warning:  #188-D: enumerated type mixed with another type
test.c(51): warning:  #188-D: enumerated type mixed with another type
test.c(53): warning:  #188-D: enumerated type mixed with another type
test.c(88): warning:  #188-D: enumerated type mixed with another type
test.c(96): warning:  #177-D: variable "port" was declared but never referenced
test.c(96): warning:  #177-D: variable "pin" was declared but never referenced
test.c(98): warning:  #177-D: variable "msg" was declared but never referenced
creating preprocessor file for DrvSPI.c...
compiling DrvSPI.c...
creating preprocessor file for DrvSYS.c...
compiling DrvSYS.c...
creating preprocessor file for DrvUART.c...
compiling DrvUART.c...
creating preprocessor file for DrvGPIO.c...
compiling DrvGPIO.c...
creating preprocessor file for retarget.c...
compiling retarget.c...
linking...
Program Size: Code=4112 RO-data=224 RW-data=1624 ZI-data=1200  
User command #1: fromelf --bin ".\obj\Smpl_Start_Kit.axf" --output ".\obj\Smpl_Start_Kit.bin"
User command #2: fromelf --text -c ".\obj\Smpl_Start_Kit.axf" --output ".\obj\Smpl_Start_Kit.txt"
".\obj\Smpl_Start_Kit.axf" - 0 Error(s), 7 Warning(s).
Load "C:\\Nuvoton\\BSP Library\\NUC100SeriesBSP_CMSIS_v1.05.003\\NuvotonPlatform_Keil\\Sample\\NUC1xx-LB_002\\Smpl_Start_Kit2\\obj\\Smpl_Start_Kit.AXF" 
Rebuild target 'Smpl_Start_Kit'
creating preprocessor file for core_cm0.c...
compiling core_cm0.c...
creating preprocessor file for system_NUC1xx.c...
compiling system_NUC1xx.c...
assembling startup_NUC1xx.s...
creating preprocessor file for LCD_Driver.c...
compiling LCD_Driver.c...
creating preprocessor file for Ascii_Table.C...
compiling Ascii_Table.C...
creating preprocessor file for Seven_Segment.c...
compiling Seven_Segment.c...
creating preprocessor file for test.c...
compiling test.c...
test.c(48): warning:  #188-D: enumerated type mixed with another type
test.c(51): warning:  #188-D: enumerated type mixed with another type
test.c(53): warning:  #188-D: enumerated type mixed with another type
test.c(88): warning:  #188-D: enumerated type mixed with another type
test.c(96): warning:  #177-D: variable "port" was declared but never referenced
test.c(96): warning:  #177-D: variable "pin" was declared but never referenced
test.c(98): warning:  #177-D: variable "msg" was declared but never referenced
creating preprocessor file for DrvSPI.c...
compiling DrvSPI.c...
creating preprocessor file for DrvSYS.c...
compiling DrvSYS.c...
creating preprocessor file for DrvUART.c...
compiling DrvUART.c...
creating preprocessor file for DrvGPIO.c...
compiling DrvGPIO.c...
creating preprocessor file for retarget.c...
compiling retarget.c...
linking...
Program Size: Code=4112 RO-data=224 RW-data=1624 ZI-data=1200  
User command #1: fromelf --bin ".\obj\Smpl_Start_Kit.axf" --output ".\obj\Smpl_Start_Kit.bin"
User command #2: fromelf --text -c ".\obj\Smpl_Start_Kit.axf" --output ".\obj\Smpl_Start_Kit.txt"
".\obj\Smpl_Start_Kit.axf" - 0 Error(s), 7 Warning(s).
Load "C:\\Nuvoton\\BSP Library\\NUC100SeriesBSP_CMSIS_v1.05.003\\NuvotonPlatform_Keil\\Sample\\NUC1xx-LB_002\\Smpl_Start_Kit2\\obj\\Smpl_Start_Kit.AXF" 
Rebuild target 'Smpl_Start_Kit'
creating preprocessor file for core_cm0.c...
compiling core_cm0.c...
creating preprocessor file for system_NUC1xx.c...
compiling system_NUC1xx.c...
assembling startup_NUC1xx.s...
creating preprocessor file for LCD_Driver.c...
compiling LCD_Driver.c...
creating preprocessor file for Ascii_Table.C...
compiling Ascii_Table.C...
creating preprocessor file for Seven_Segment.c...
compiling Seven_Segment.c...
creating preprocessor file for test.c...
compiling test.c...
test.c(48): warning:  #188-D: enumerated type mixed with another type
test.c(51): warning:  #188-D: enumerated type mixed with another type
test.c(53): warning:  #188-D: enumerated type mixed with another type
test.c(95): warning:  #188-D: enumerated type mixed with another type
creating preprocessor file for DrvSPI.c...
compiling DrvSPI.c...
creating preprocessor file for DrvSYS.c...
compiling DrvSYS.c...
creating preprocessor file for DrvUART.c...
compiling DrvUART.c...
creating preprocessor file for DrvGPIO.c...
compiling DrvGPIO.c...
creating preprocessor file for retarget.c...
compiling retarget.c...
linking...
Program Size: Code=4156 RO-data=224 RW-data=1624 ZI-data=1200  
User command #1: fromelf --bin ".\obj\Smpl_Start_Kit.axf" --output ".\obj\Smpl_Start_Kit.bin"
User command #2: fromelf --text -c ".\obj\Smpl_Start_Kit.axf" --output ".\obj\Smpl_Start_Kit.txt"
".\obj\Smpl_Start_Kit.axf" - 0 Error(s), 4 Warning(s).
Load "C:\\Nuvoton\\BSP Library\\NUC100SeriesBSP_CMSIS_v1.05.003\\NuvotonPlatform_Keil\\Sample\\NUC1xx-LB_002\\Smpl_Start_Kit2\\obj\\Smpl_Start_Kit.AXF" 
Rebuild target 'Smpl_Start_Kit'
creating preprocessor file for core_cm0.c...
compiling core_cm0.c...
creating preprocessor file for system_NUC1xx.c...
compiling system_NUC1xx.c...
assembling startup_NUC1xx.s...
creating preprocessor file for LCD_Driver.c...
compiling LCD_Driver.c...
creating preprocessor file for Ascii_Table.C...
compiling Ascii_Table.C...
creating preprocessor file for Seven_Segment.c...
compiling Seven_Segment.c...
creating preprocessor file for test.c...
compiling test.c...
test.c(58): warning:  #188-D: enumerated type mixed with another type
test.c(61): warning:  #188-D: enumerated type mixed with another type
test.c(63): warning:  #188-D: enumerated type mixed with another type
creating preprocessor file for DrvSPI.c...
compiling DrvSPI.c...
creating preprocessor file for DrvSYS.c...
compiling DrvSYS.c...
creating preprocessor file for DrvUART.c...
compiling DrvUART.c...
creating preprocessor file for DrvGPIO.c...
compiling DrvGPIO.c...
creating preprocessor file for retarget.c...
compiling retarget.c...
linking...
Program Size: Code=4180 RO-data=224 RW-data=1624 ZI-data=1200  
User command #1: fromelf --bin ".\obj\Smpl_Start_Kit.axf" --output ".\obj\Smpl_Start_Kit.bin"
User command #2: fromelf --text -c ".\obj\Smpl_Start_Kit.axf" --output ".\obj\Smpl_Start_Kit.txt"
".\obj\Smpl_Start_Kit.axf" - 0 Error(s), 3 Warning(s).
Load "C:\\Nuvoton\\BSP Library\\NUC100SeriesBSP_CMSIS_v1.05.003\\NuvotonPlatform_Keil\\Sample\\NUC1xx-LB_002\\Smpl_Start_Kit2\\obj\\Smpl_Start_Kit.AXF" 
Rebuild target 'Smpl_Start_Kit'
creating preprocessor file for core_cm0.c...
compiling core_cm0.c...
creating preprocessor file for system_NUC1xx.c...
compiling system_NUC1xx.c...
assembling startup_NUC1xx.s...
creating preprocessor file for LCD_Driver.c...
compiling LCD_Driver.c...
creating preprocessor file for Ascii_Table.C...
compiling Ascii_Table.C...
creating preprocessor file for Seven_Segment.c...
compiling Seven_Segment.c...
creating preprocessor file for test.c...
compiling test.c...
test.c(89): error:  #268: declaration may not appear after executable statement in block
test.c(93): error:  #268: declaration may not appear after executable statement in block
creating preprocessor file for DrvSPI.c...
compiling DrvSPI.c...
creating preprocessor file for DrvSYS.c...
compiling DrvSYS.c...
creating preprocessor file for DrvUART.c...
compiling DrvUART.c...
creating preprocessor file for DrvGPIO.c...
compiling DrvGPIO.c...
creating preprocessor file for retarget.c...
compiling retarget.c...
Target not created
Rebuild target 'Smpl_Start_Kit'
creating preprocessor file for core_cm0.c...
compiling core_cm0.c...
creating preprocessor file for system_NUC1xx.c...
compiling system_NUC1xx.c...
assembling startup_NUC1xx.s...
creating preprocessor file for LCD_Driver.c...
compiling LCD_Driver.c...
creating preprocessor file for Ascii_Table.C...
compiling Ascii_Table.C...
creating preprocessor file for Seven_Segment.c...
compiling Seven_Segment.c...
creating preprocessor file for test.c...
compiling test.c...
test.c(89): error:  #268: declaration may not appear after executable statement in block
test.c(93): error:  #268: declaration may not appear after executable statement in block
creating preprocessor file for DrvSPI.c...
compiling DrvSPI.c...
creating preprocessor file for DrvSYS.c...
compiling DrvSYS.c...
creating preprocessor file for DrvUART.c...
compiling DrvUART.c...
creating preprocessor file for DrvGPIO.c...
compiling DrvGPIO.c...
creating preprocessor file for retarget.c...
compiling retarget.c...
Target not created
Rebuild target 'Smpl_Start_Kit'
creating preprocessor file for core_cm0.c...
compiling core_cm0.c...
creating preprocessor file for system_NUC1xx.c...
compiling system_NUC1xx.c...
assembling startup_NUC1xx.s...
creating preprocessor file for LCD_Driver.c...
compiling LCD_Driver.c...
creating preprocessor file for Ascii_Table.C...
compiling Ascii_Table.C...
creating preprocessor file for Seven_Segment.c...
compiling Seven_Segment.c...
creating preprocessor file for test.c...
compiling test.c...
creating preprocessor file for DrvSPI.c...
compiling DrvSPI.c...
creating preprocessor file for DrvSYS.c...
compiling DrvSYS.c...
creating preprocessor file for DrvUART.c...
compiling DrvUART.c...
creating preprocessor file for DrvGPIO.c...
compiling DrvGPIO.c...
creating preprocessor file for retarget.c...
compiling retarget.c...
linking...
Program Size: Code=4652 RO-data=248 RW-data=1616 ZI-data=1432  
User command #1: fromelf --bin ".\obj\Smpl_Start_Kit.axf" --output ".\obj\Smpl_Start_Kit.bin"
User command #2: fromelf --text -c ".\obj\Smpl_Start_Kit.axf" --output ".\obj\Smpl_Start_Kit.txt"
".\obj\Smpl_Start_Kit.axf" - 0 Error(s), 0 Warning(s).
Load "C:\\Nuvoton\\BSP Library\\NUC100SeriesBSP_CMSIS_v1.05.003\\NuvotonPlatform_Keil\\Sample\\NUC1xx-LB_002\\Smpl_Start_Kit2\\obj\\Smpl_Start_Kit.AXF" 
Rebuild target 'Smpl_Start_Kit'
creating preprocessor file for core_cm0.c...
compiling core_cm0.c...
creating preprocessor file for system_NUC1xx.c...
compiling system_NUC1xx.c...
assembling startup_NUC1xx.s...
creating preprocessor file for LCD_Driver.c...
compiling LCD_Driver.c...
creating preprocessor file for Ascii_Table.C...
compiling Ascii_Table.C...
creating preprocessor file for Seven_Segment.c...
compiling Seven_Segment.c...
creating preprocessor file for test.c...
compiling test.c...
test.c(15): warning:  #223-D: function "DrvGPIO_EnablePull" declared implicitly
creating preprocessor file for DrvSPI.c...
compiling DrvSPI.c...
creating preprocessor file for DrvSYS.c...
compiling DrvSYS.c...
creating preprocessor file for DrvUART.c...
compiling DrvUART.c...
creating preprocessor file for DrvGPIO.c...
compiling DrvGPIO.c...
creating preprocessor file for retarget.c...
compiling retarget.c...
linking...
.\obj\Smpl_Start_Kit.axf: Error: L6218E: Undefined symbol DrvGPIO_EnablePull (referred from test.o).
Target not created
Rebuild target 'Smpl_Start_Kit'
creating preprocessor file for core_cm0.c...
compiling core_cm0.c...
creating preprocessor file for system_NUC1xx.c...
compiling system_NUC1xx.c...
assembling startup_NUC1xx.s...
creating preprocessor file for LCD_Driver.c...
compiling LCD_Driver.c...
creating preprocessor file for Ascii_Table.C...
compiling Ascii_Table.C...
creating preprocessor file for Seven_Segment.c...
compiling Seven_Segment.c...
creating preprocessor file for test.c...
compiling test.c...
creating preprocessor file for DrvSPI.c...
compiling DrvSPI.c...
creating preprocessor file for DrvSYS.c...
compiling DrvSYS.c...
creating preprocessor file for DrvUART.c...
compiling DrvUART.c...
creating preprocessor file for DrvGPIO.c...
compiling DrvGPIO.c...
creating preprocessor file for retarget.c...
compiling retarget.c...
linking...
Program Size: Code=4652 RO-data=248 RW-data=1616 ZI-data=1432  
User command #1: fromelf --bin ".\obj\Smpl_Start_Kit.axf" --output ".\obj\Smpl_Start_Kit.bin"
User command #2: fromelf --text -c ".\obj\Smpl_Start_Kit.axf" --output ".\obj\Smpl_Start_Kit.txt"
".\obj\Smpl_Start_Kit.axf" - 0 Error(s), 0 Warning(s).
Load "C:\\Nuvoton\\BSP Library\\NUC100SeriesBSP_CMSIS_v1.05.003\\NuvotonPlatform_Keil\\Sample\\NUC1xx-LB_002\\Smpl_Start_Kit2\\obj\\Smpl_Start_Kit.AXF" 
Rebuild target 'Smpl_Start_Kit'
creating preprocessor file for core_cm0.c...
compiling core_cm0.c...
creating preprocessor file for system_NUC1xx.c...
compiling system_NUC1xx.c...
assembling startup_NUC1xx.s...
creating preprocessor file for LCD_Driver.c...
compiling LCD_Driver.c...
creating preprocessor file for Ascii_Table.C...
compiling Ascii_Table.C...
creating preprocessor file for Seven_Segment.c...
compiling Seven_Segment.c...
creating preprocessor file for test.c...
compiling test.c...
test.c(13): error:  #136: struct "<unnamed>" has no field "PUEN"
creating preprocessor file for DrvSPI.c...
compiling DrvSPI.c...
creating preprocessor file for DrvSYS.c...
compiling DrvSYS.c...
creating preprocessor file for DrvUART.c...
compiling DrvUART.c...
creating preprocessor file for DrvGPIO.c...
compiling DrvGPIO.c...
creating preprocessor file for retarget.c...
compiling retarget.c...
Target not created
Rebuild target 'Smpl_Start_Kit'
creating preprocessor file for core_cm0.c...
compiling core_cm0.c...
creating preprocessor file for system_NUC1xx.c...
compiling system_NUC1xx.c...
assembling startup_NUC1xx.s...
creating preprocessor file for LCD_Driver.c...
compiling LCD_Driver.c...
creating preprocessor file for Ascii_Table.C...
compiling Ascii_Table.C...
creating preprocessor file for Seven_Segment.c...
compiling Seven_Segment.c...
creating preprocessor file for test.c...
compiling test.c...
creating preprocessor file for DrvSPI.c...
compiling DrvSPI.c...
creating preprocessor file for DrvSYS.c...
compiling DrvSYS.c...
creating preprocessor file for DrvUART.c...
compiling DrvUART.c...
creating preprocessor file for DrvGPIO.c...
compiling DrvGPIO.c...
creating preprocessor file for retarget.c...
compiling retarget.c...
linking...
Program Size: Code=4144 RO-data=224 RW-data=1600 ZI-data=1200  
User command #1: fromelf --bin ".\obj\Smpl_Start_Kit.axf" --output ".\obj\Smpl_Start_Kit.bin"
User command #2: fromelf --text -c ".\obj\Smpl_Start_Kit.axf" --output ".\obj\Smpl_Start_Kit.txt"
".\obj\Smpl_Start_Kit.axf" - 0 Error(s), 0 Warning(s).
Load "C:\\Nuvoton\\BSP Library\\NUC100SeriesBSP_CMSIS_v1.05.003\\NuvotonPlatform_Keil\\Sample\\NUC1xx-LB_002\\Smpl_Start_Kit2\\obj\\Smpl_Start_Kit.AXF" 
Rebuild target 'Smpl_Start_Kit'
creating preprocessor file for core_cm0.c...
compiling core_cm0.c...
creating preprocessor file for system_NUC1xx.c...
compiling system_NUC1xx.c...
assembling startup_NUC1xx.s...
creating preprocessor file for LCD_Driver.c...
compiling LCD_Driver.c...
creating preprocessor file for Ascii_Table.C...
compiling Ascii_Table.C...
creating preprocessor file for Seven_Segment.c...
compiling Seven_Segment.c...
creating preprocessor file for test.c...
compiling test.c...
creating preprocessor file for DrvSPI.c...
compiling DrvSPI.c...
creating preprocessor file for DrvSYS.c...
compiling DrvSYS.c...
creating preprocessor file for DrvUART.c...
compiling DrvUART.c...
creating preprocessor file for DrvGPIO.c...
compiling DrvGPIO.c...
creating preprocessor file for retarget.c...
compiling retarget.c...
linking...
Program Size: Code=4652 RO-data=248 RW-data=1616 ZI-data=1432  
User command #1: fromelf --bin ".\obj\Smpl_Start_Kit.axf" --output ".\obj\Smpl_Start_Kit.bin"
User command #2: fromelf --text -c ".\obj\Smpl_Start_Kit.axf" --output ".\obj\Smpl_Start_Kit.txt"
".\obj\Smpl_Start_Kit.axf" - 0 Error(s), 0 Warning(s).
Load "C:\\Nuvoton\\BSP Library\\NUC100SeriesBSP_CMSIS_v1.05.003\\NuvotonPlatform_Keil\\Sample\\NUC1xx-LB_002\\Smpl_Start_Kit2\\obj\\Smpl_Start_Kit.AXF" 
Rebuild target 'Smpl_Start_Kit'
creating preprocessor file for core_cm0.c...
compiling core_cm0.c...
creating preprocessor file for system_NUC1xx.c...
compiling system_NUC1xx.c...
assembling startup_NUC1xx.s...
creating preprocessor file for LCD_Driver.c...
compiling LCD_Driver.c...
creating preprocessor file for Ascii_Table.C...
compiling Ascii_Table.C...
creating preprocessor file for Seven_Segment.c...
compiling Seven_Segment.c...
creating preprocessor file for test.c...
compiling test.c...
creating preprocessor file for DrvSPI.c...
compiling DrvSPI.c...
creating preprocessor file for DrvSYS.c...
compiling DrvSYS.c...
creating preprocessor file for DrvUART.c...
compiling DrvUART.c...
creating preprocessor file for DrvGPIO.c...
compiling DrvGPIO.c...
creating preprocessor file for retarget.c...
compiling retarget.c...
linking...
Program Size: Code=4664 RO-data=248 RW-data=1616 ZI-data=1432  
User command #1: fromelf --bin ".\obj\Smpl_Start_Kit.axf" --output ".\obj\Smpl_Start_Kit.bin"
User command #2: fromelf --text -c ".\obj\Smpl_Start_Kit.axf" --output ".\obj\Smpl_Start_Kit.txt"
".\obj\Smpl_Start_Kit.axf" - 0 Error(s), 0 Warning(s).
Load "C:\\Nuvoton\\BSP Library\\NUC100SeriesBSP_CMSIS_v1.05.003\\NuvotonPlatform_Keil\\Sample\\NUC1xx-LB_002\\Smpl_Start_Kit2\\obj\\Smpl_Start_Kit.AXF" 
Rebuild target 'Smpl_Start_Kit'
creating preprocessor file for core_cm0.c...
compiling core_cm0.c...
creating preprocessor file for system_NUC1xx.c...
compiling system_NUC1xx.c...
assembling startup_NUC1xx.s...
creating preprocessor file for LCD_Driver.c...
compiling LCD_Driver.c...
creating preprocessor file for Ascii_Table.C...
compiling Ascii_Table.C...
creating preprocessor file for Seven_Segment.c...
compiling Seven_Segment.c...
creating preprocessor file for test.c...
compiling test.c...
creating preprocessor file for DrvSPI.c...
compiling DrvSPI.c...
creating preprocessor file for DrvSYS.c...
compiling DrvSYS.c...
creating preprocessor file for DrvUART.c...
compiling DrvUART.c...
creating preprocessor file for DrvGPIO.c...
compiling DrvGPIO.c...
creating preprocessor file for retarget.c...
compiling retarget.c...
linking...
Program Size: Code=4664 RO-data=248 RW-data=1616 ZI-data=1432  
User command #1: fromelf --bin ".\obj\Smpl_Start_Kit.axf" --output ".\obj\Smpl_Start_Kit.bin"
User command #2: fromelf --text -c ".\obj\Smpl_Start_Kit.axf" --output ".\obj\Smpl_Start_Kit.txt"
".\obj\Smpl_Start_Kit.axf" - 0 Error(s), 0 Warning(s).
Load "C:\\Nuvoton\\BSP Library\\NUC100SeriesBSP_CMSIS_v1.05.003\\NuvotonPlatform_Keil\\Sample\\NUC1xx-LB_002\\Smpl_Start_Kit2\\obj\\Smpl_Start_Kit.AXF" 
Rebuild target 'Smpl_Start_Kit'
creating preprocessor file for core_cm0.c...
compiling core_cm0.c...
creating preprocessor file for system_NUC1xx.c...
compiling system_NUC1xx.c...
assembling startup_NUC1xx.s...
creating preprocessor file for LCD_Driver.c...
compiling LCD_Driver.c...
creating preprocessor file for Ascii_Table.C...
compiling Ascii_Table.C...
creating preprocessor file for Seven_Segment.c...
compiling Seven_Segment.c...
creating preprocessor file for test.c...
compiling test.c...
creating preprocessor file for DrvSPI.c...
compiling DrvSPI.c...
creating preprocessor file for DrvSYS.c...
compiling DrvSYS.c...
creating preprocessor file for DrvUART.c...
compiling DrvUART.c...
creating preprocessor file for DrvGPIO.c...
compiling DrvGPIO.c...
creating preprocessor file for retarget.c...
compiling retarget.c...
linking...
Program Size: Code=4664 RO-data=248 RW-data=1616 ZI-data=1432  
User command #1: fromelf --bin ".\obj\Smpl_Start_Kit.axf" --output ".\obj\Smpl_Start_Kit.bin"
User command #2: fromelf --text -c ".\obj\Smpl_Start_Kit.axf" --output ".\obj\Smpl_Start_Kit.txt"
".\obj\Smpl_Start_Kit.axf" - 0 Error(s), 0 Warning(s).
Load "C:\\Nuvoton\\BSP Library\\NUC100SeriesBSP_CMSIS_v1.05.003\\NuvotonPlatform_Keil\\Sample\\NUC1xx-LB_002\\Smpl_Start_Kit2\\obj\\Smpl_Start_Kit.AXF" 
